kotlin version: 1.9.24
error message: org.jetbrains.kotlin.util.KotlinFrontEndException: Exception while analyzing expression in (17,25) in C:/Users/Usuario/Downloads/Website-to-help-those-affected-by-the-DANA-storm-Santiago-Joaquin-Cotignola-Rodriguez/TutelaDANA-KotlinBackend/src/main/kotlin/com/tuteladana/controller/OrderController.kt

Attachments:
causeThrowable
java.io.FileNotFoundException: C:\Users\Usuario\Downloads\Website-to-help-those-affected-by-the-DANA-storm-Santiago-Joaquin-Cotignola-Rodriguez\TutelaDANA-KotlinBackend\build\classes\kotlin\main\com\tuteladana\model\Order.class (El sistema no puede encontrar la ruta especificada)
	at java.base/java.io.FileInputStream.open0(Native Method)
	at java.base/java.io.FileInputStream.open(Unknown Source)
	at java.base/java.io.FileInputStream.<init>(Unknown Source)
	at org.jetbrains.kotlin.com.intellij.openapi.util.io.FileUtil.loadFileBytes(FileUtil.java:204)
	at org.jetbrains.kotlin.com.intellij.openapi.vfs.local.CoreLocalVirtualFile.contentsToByteArray(CoreLocalVirtualFile.java:98)
	at org.jetbrains.kotlin.cli.jvm.compiler.KotlinCliJavaFileManagerImpl.findClass(KotlinCliJavaFileManagerImpl.kt:127)
	at org.jetbrains.kotlin.resolve.jvm.KotlinJavaPsiFacade$CliFinder.findClass(KotlinJavaPsiFacade.java:535)
	at org.jetbrains.kotlin.resolve.jvm.KotlinJavaPsiFacade.findClass(KotlinJavaPsiFacade.java:187)
	at org.jetbrains.kotlin.load.java.JavaClassFinderImpl.findClass(JavaClassFinderImpl.kt:46)
	at org.jetbrains.kotlin.load.java.lazy.descriptors.LazyJavaPackageScope$classes$1.invoke(LazyJavaPackageScope.kt:81)
	at org.jetbrains.kotlin.load.java.lazy.descriptors.LazyJavaPackageScope$classes$1.invoke(LazyJavaPackageScope.kt:59)
	at org.jetbrains.kotlin.storage.LockBasedStorageManager$MapBasedMemoizedFunction.invoke(LockBasedStorageManager.java:578)
	at org.jetbrains.kotlin.load.java.lazy.descriptors.LazyJavaPackageScope.findClassifier(LazyJavaPackageScope.kt:146)
	at org.jetbrains.kotlin.load.java.lazy.descriptors.LazyJavaPackageScope.getContributedClassifier(LazyJavaPackageScope.kt:136)
	at org.jetbrains.kotlin.load.java.lazy.descriptors.JvmPackageScope.getContributedClassifier(JvmPackageScope.kt:55)
	at org.jetbrains.kotlin.resolve.scopes.ChainedMemberScope.getContributedClassifier(ChainedMemberScope.kt:35)
	at org.jetbrains.kotlin.resolve.scopes.AbstractScopeAdapter.getContributedClassifier(AbstractScopeAdapter.kt:44)
	at org.jetbrains.kotlin.resolve.LazyExplicitImportScope.getContributedClassifier(LazyExplicitImportScope.kt:45)
	at org.jetbrains.kotlin.resolve.lazy.LazyImportScope$getClassifier$1.invoke(LazyImportScope.kt:279)
	at org.jetbrains.kotlin.resolve.lazy.LazyImportScope$getClassifier$1.invoke(LazyImportScope.kt:274)
	at org.jetbrains.kotlin.storage.LockBasedStorageManager.compute(LockBasedStorageManager.java:290)
	at org.jetbrains.kotlin.resolve.lazy.LazyImportScope.getClassifier(LazyImportScope.kt:274)
	at org.jetbrains.kotlin.resolve.lazy.LazyImportScope.getContributedClassifier(LazyImportScope.kt:270)
	at org.jetbrains.kotlin.resolve.scopes.ResolutionScope$DefaultImpls.getContributedClassifierIncludeDeprecated(ResolutionScope.kt:40)
	at org.jetbrains.kotlin.resolve.scopes.HierarchicalScope$DefaultImpls.getContributedClassifierIncludeDeprecated(Scopes.kt:27)
	at org.jetbrains.kotlin.resolve.scopes.ImportingScope$DefaultImpls.getContributedClassifierIncludeDeprecated(Scopes.kt:113)
	at org.jetbrains.kotlin.resolve.lazy.LazyImportScope.getContributedClassifierIncludeDeprecated(LazyImportScope.kt:235)
	at org.jetbrains.kotlin.resolve.scopes.utils.ScopeUtilsKt.findFirstClassifierWithDeprecationStatus(ScopeUtils.kt:119)
	at org.jetbrains.kotlin.resolve.QualifiedExpressionResolver.findClassifierAndReportDeprecationIfNeeded(QualifiedExpressionResolver.kt:82)
	at org.jetbrains.kotlin.resolve.QualifiedExpressionResolver.resolveDescriptorForType(QualifiedExpressionResolver.kt:106)
	at org.jetbrains.kotlin.resolve.TypeResolver.resolveDescriptorForType(TypeResolver.kt:1053)
	at org.jetbrains.kotlin.resolve.TypeResolver$resolveTypeElement$1.visitUserType(TypeResolver.kt:259)
	at org.jetbrains.kotlin.psi.KtVisitorVoid.visitUserType(KtVisitorVoid.java:937)
	at org.jetbrains.kotlin.psi.KtVisitorVoid.visitUserType(KtVisitorVoid.java:21)
	at org.jetbrains.kotlin.psi.KtUserType.accept(KtUserType.java:42)
	at org.jetbrains.kotlin.psi.KtElementImplStub.accept(KtElementImplStub.java:49)
	at org.jetbrains.kotlin.resolve.TypeResolver.resolveTypeElement(TypeResolver.kt:257)
	at org.jetbrains.kotlin.resolve.TypeResolver.resolvePossiblyBareType(TypeResolver.kt:136)
	at org.jetbrains.kotlin.resolve.TypeResolver.resolveType(TypeResolver.kt:126)
	at org.jetbrains.kotlin.resolve.TypeResolver.resolveType(TypeResolver.kt:97)
	at org.jetbrains.kotlin.resolve.calls.tower.NewCallArgumentsKt.resolveTypeWithGivenTypeReference(NewCallArguments.kt:316)
	at org.jetbrains.kotlin.resolve.calls.tower.PSICallResolver.resolveTypeArguments(PSICallResolver.kt:743)
	at org.jetbrains.kotlin.resolve.calls.tower.PSICallResolver.toKotlinCall(PSICallResolver.kt:603)
	at org.jetbrains.kotlin.resolve.calls.tower.PSICallResolver.toKotlinCall$default(PSICallResolver.kt:589)
	at org.jetbrains.kotlin.resolve.calls.tower.PSICallResolver.runResolutionAndInference(PSICallResolver.kt:109)
	at org.jetbrains.kotlin.resolve.calls.CallResolver.doResolveCallOrGetCachedResults(CallResolver.java:602)
	at org.jetbrains.kotlin.resolve.calls.CallResolver.lambda$computeTasksAndResolveCall$0(CallResolver.java:213)
	at org.jetbrains.kotlin.util.PerformanceCounter.time(PerformanceCounter.kt:90)
	at org.jetbrains.kotlin.resolve.calls.CallResolver.computeTasksAndResolveCall(CallResolver.java:211)
	at org.jetbrains.kotlin.resolve.calls.CallResolver.computeTasksAndResolveCall(CallResolver.java:199)
	at org.jetbrains.kotlin.resolve.calls.CallResolver.resolveFunctionCall(CallResolver.java:329)
	at org.jetbrains.kotlin.resolve.calls.CallExpressionResolver.getResolvedCallForFunction(CallExpressionResolver.kt:86)
	at org.jetbrains.kotlin.resolve.calls.CallExpressionResolver.getCallExpressionTypeInfoWithoutFinalTypeCheck(CallExpressionResolver.kt:208)
	at org.jetbrains.kotlin.resolve.calls.CallExpressionResolver.getUnsafeSelectorTypeInfo(CallExpressionResolver.kt:332)
	at org.jetbrains.kotlin.resolve.calls.CallExpressionResolver.getSafeOrUnsafeSelectorTypeInfo(CallExpressionResolver.kt:382)
	at org.jetbrains.kotlin.resolve.calls.CallExpressionResolver.getQualifiedExpressionTypeInfo(CallExpressionResolver.kt:480)
	at org.jetbrains.kotlin.types.expressions.BasicExpressionTypingVisitor.visitQualifiedExpression(BasicExpressionTypingVisitor.java:725)
	at org.jetbrains.kotlin.types.expressions.ExpressionTypingVisitorDispatcher.visitQualifiedExpression(ExpressionTypingVisitorDispatcher.java:391)
	at org.jetbrains.kotlin.types.expressions.ExpressionTypingVisitorDispatcher$ForDeclarations.visitQualifiedExpression(ExpressionTypingVisitorDispatcher.java:47)
	at org.jetbrains.kotlin.psi.KtVisitor.visitDotQualifiedExpression(KtVisitor.java:306)
	at org.jetbrains.kotlin.psi.KtDotQualifiedExpression.accept(KtDotQualifiedExpression.kt:33)
	at org.jetbrains.kotlin.types.expressions.ExpressionTypingVisitorDispatcher.lambda$getTypeInfo$0(ExpressionTypingVisitorDispatcher.java:176)
	at org.jetbrains.kotlin.util.PerformanceCounter.time(PerformanceCounter.kt:90)
	at org.jetbrains.kotlin.types.expressions.ExpressionTypingVisitorDispatcher.getTypeInfo(ExpressionTypingVisitorDispatcher.java:165)
	at org.jetbrains.kotlin.types.expressions.ExpressionTypingVisitorDispatcher.getTypeInfo(ExpressionTypingVisitorDispatcher.java:135)
	at org.jetbrains.kotlin.types.expressions.ExpressionTypingVisitorDispatcher.getTypeInfo(ExpressionTypingVisitorDispatcher.java:147)
	at org.jetbrains.kotlin.types.expressions.ExpressionTypingServices.getTypeInfo(ExpressionTypingServices.java:121)
	at org.jetbrains.kotlin.types.expressions.ExpressionTypingServices.getTypeInfo(ExpressionTypingServices.java:96)
	at org.jetbrains.kotlin.types.expressions.ExpressionTypingServices.getType(ExpressionTypingServices.java:138)
	at org.jetbrains.kotlin.types.expressions.ExpressionTypingServices.safeGetType(ExpressionTypingServices.java:81)
	at org.jetbrains.kotlin.resolve.VariableTypeAndInitializerResolver.resolveInitializerType(VariableTypeAndInitializerResolver.kt:178)
	at org.jetbrains.kotlin.resolve.VariableTypeAndInitializerResolver.resolveTypeNullable(VariableTypeAndInitializerResolver.kt:102)
	at org.jetbrains.kotlin.resolve.VariableTypeAndInitializerResolver.resolveType(VariableTypeAndInitializerResolver.kt:55)
	at org.jetbrains.kotlin.resolve.LocalVariableResolver.resolveLocalVariableDescriptor(LocalVariableResolver.kt:196)
	at org.jetbrains.kotlin.resolve.LocalVariableResolver.process(LocalVariableResolver.kt:80)
	at org.jetbrains.kotlin.types.expressions.ExpressionTypingVisitorForStatements.visitProperty(ExpressionTypingVisitorForStatements.java:122)
	at org.jetbrains.kotlin.types.expressions.ExpressionTypingVisitorForStatements.visitProperty(ExpressionTypingVisitorForStatements.java:73)
	at org.jetbrains.kotlin.psi.KtProperty.accept(KtProperty.java:58)
	at org.jetbrains.kotlin.types.expressions.ExpressionTypingVisitorDispatcher.lambda$getTypeInfo$0(ExpressionTypingVisitorDispatcher.java:176)
	at org.jetbrains.kotlin.util.PerformanceCounter.time(PerformanceCounter.kt:90)
	at org.jetbrains.kotlin.types.expressions.ExpressionTypingVisitorDispatcher.getTypeInfo(ExpressionTypingVisitorDispatcher.java:165)
	at org.jetbrains.kotlin.types.expressions.ExpressionTypingVisitorDispatcher.getTypeInfo(ExpressionTypingVisitorDispatcher.java:148)
	at org.jetbrains.kotlin.types.expressions.ExpressionTypingServices.getBlockReturnedTypeWithWritableScope(ExpressionTypingServices.java:342)
	at org.jetbrains.kotlin.types.expressions.ExpressionTypingServices.getBlockReturnedType(ExpressionTypingServices.java:207)
	at org.jetbrains.kotlin.types.expressions.FunctionsTypingVisitor.computeUnsafeReturnType(FunctionsTypingVisitor.kt:270)
	at org.jetbrains.kotlin.types.expressions.FunctionsTypingVisitor.computeReturnType(FunctionsTypingVisitor.kt:235)
	at org.jetbrains.kotlin.types.expressions.FunctionsTypingVisitor.visitLambdaExpression(FunctionsTypingVisitor.kt:177)
	at org.jetbrains.kotlin.types.expressions.ExpressionTypingVisitorDispatcher.visitLambdaExpression(ExpressionTypingVisitorDispatcher.java:270)
	at org.jetbrains.kotlin.types.expressions.ExpressionTypingVisitorDispatcher$ForDeclarations.visitLambdaExpression(ExpressionTypingVisitorDispatcher.java:47)
	at org.jetbrains.kotlin.psi.KtLambdaExpression.accept(KtLambdaExpression.java:40)
	at org.jetbrains.kotlin.types.expressions.ExpressionTypingVisitorDispatcher.lambda$getTypeInfo$0(ExpressionTypingVisitorDispatcher.java:176)
	at org.jetbrains.kotlin.util.PerformanceCounter.time(PerformanceCounter.kt:90)
	at org.jetbrains.kotlin.types.expressions.ExpressionTypingVisitorDispatcher.getTypeInfo(ExpressionTypingVisitorDispatcher.java:165)
	at org.jetbrains.kotlin.types.expressions.ExpressionTypingVisitorDispatcher.getTypeInfo(ExpressionTypingVisitorDispatcher.java:135)
	at org.jetbrains.kotlin.types.expressions.ExpressionTypingServices.getTypeInfo(ExpressionTypingServices.java:126)
	at org.jetbrains.kotlin.resolve.calls.tower.KotlinResolutionCallbacksImpl.analyzeAndGetLambdaReturnArguments(KotlinResolutionCallbacksImpl.kt:231)
	at org.jetbrains.kotlin.resolve.calls.components.PostponedArgumentsAnalyzer.analyzeLambda(PostponedArgumentsAnalyzer.kt:133)
	at org.jetbrains.kotlin.resolve.calls.components.PostponedArgumentsAnalyzer.analyze(PostponedArgumentsAnalyzer.kt:39)
	at org.jetbrains.kotlin.resolve.calls.components.KotlinCallCompleter$runCompletion$1.invoke(KotlinCallCompleter.kt:261)
	at org.jetbrains.kotlin.resolve.calls.components.KotlinCallCompleter$runCompletion$1.invoke(KotlinCallCompleter.kt:251)
	at org.jetbrains.kotlin.resolve.calls.inference.components.ConstraintSystemCompletionContext.analyzeArgumentWithFixedParameterTypes(ConstraintSystemCompletionContext.kt:54)
	at org.jetbrains.kotlin.resolve.calls.inference.components.KotlinConstraintSystemCompleter.runCompletion(KotlinConstraintSystemCompleter.kt:84)
	at org.jetbrains.kotlin.resolve.calls.inference.components.KotlinConstraintSystemCompleter.runCompletion(KotlinConstraintSystemCompleter.kt:35)
	at org.jetbrains.kotlin.resolve.calls.components.KotlinCallCompleter.runCompletion(KotlinCallCompleter.kt:251)
	at org.jetbrains.kotlin.resolve.calls.components.KotlinCallCompleter.runCompletion$default(KotlinCallCompleter.kt:242)
	at org.jetbrains.kotlin.resolve.calls.components.KotlinCallCompleter.runCompletion(KotlinCallCompleter.kt:239)
	at org.jetbrains.kotlin.resolve.calls.components.KotlinCallCompleter.runCompletion(KotlinCallCompleter.kt:71)
	at org.jetbrains.kotlin.resolve.calls.KotlinCallResolver.resolveAndCompleteCall(KotlinCallResolver.kt:47)
	at org.jetbrains.kotlin.resolve.calls.tower.PSICallResolver.runResolutionAndInference(PSICallResolver.kt:114)
	at org.jetbrains.kotlin.resolve.calls.CallResolver.doResolveCallOrGetCachedResults(CallResolver.java:602)
	at org.jetbrains.kotlin.resolve.calls.CallResolver.lambda$computeTasksAndResolveCall$0(CallResolver.java:213)
	at org.jetbrains.kotlin.util.PerformanceCounter.time(PerformanceCounter.kt:90)
	at org.jetbrains.kotlin.resolve.calls.CallResolver.computeTasksAndResolveCall(CallResolver.java:211)
	at org.jetbrains.kotlin.resolve.calls.CallResolver.computeTasksAndResolveCall(CallResolver.java:199)
	at org.jetbrains.kotlin.resolve.calls.CallResolver.resolveFunctionCall(CallResolver.java:329)
	at org.jetbrains.kotlin.resolve.calls.CallExpressionResolver.getResolvedCallForFunction(CallExpressionResolver.kt:86)
	at org.jetbrains.kotlin.resolve.calls.CallExpressionResolver.getCallExpressionTypeInfoWithoutFinalTypeCheck(CallExpressionResolver.kt:208)
	at org.jetbrains.kotlin.resolve.calls.CallExpressionResolver.getUnsafeSelectorTypeInfo(CallExpressionResolver.kt:332)
	at org.jetbrains.kotlin.resolve.calls.CallExpressionResolver.getSafeOrUnsafeSelectorTypeInfo(CallExpressionResolver.kt:382)
	at org.jetbrains.kotlin.resolve.calls.CallExpressionResolver.getQualifiedExpressionTypeInfo(CallExpressionResolver.kt:480)
	at org.jetbrains.kotlin.types.expressions.BasicExpressionTypingVisitor.visitQualifiedExpression(BasicExpressionTypingVisitor.java:725)
	at org.jetbrains.kotlin.types.expressions.ExpressionTypingVisitorDispatcher.visitQualifiedExpression(ExpressionTypingVisitorDispatcher.java:391)
	at org.jetbrains.kotlin.types.expressions.ExpressionTypingVisitorDispatcher$ForBlock.visitQualifiedExpression(ExpressionTypingVisitorDispatcher.java:60)
	at org.jetbrains.kotlin.psi.KtVisitor.visitDotQualifiedExpression(KtVisitor.java:306)
	at org.jetbrains.kotlin.psi.KtDotQualifiedExpression.accept(KtDotQualifiedExpression.kt:33)
	at org.jetbrains.kotlin.types.expressions.ExpressionTypingVisitorDispatcher.lambda$getTypeInfo$0(ExpressionTypingVisitorDispatcher.java:176)
	at org.jetbrains.kotlin.util.PerformanceCounter.time(PerformanceCounter.kt:90)
	at org.jetbrains.kotlin.types.expressions.ExpressionTypingVisitorDispatcher.getTypeInfo(ExpressionTypingVisitorDispatcher.java:165)
	at org.jetbrains.kotlin.types.expressions.ExpressionTypingVisitorDispatcher.getTypeInfo(ExpressionTypingVisitorDispatcher.java:135)
	at org.jetbrains.kotlin.types.expressions.ExpressionTypingVisitorForStatements.visitExpression(ExpressionTypingVisitorForStatements.java:543)
	at org.jetbrains.kotlin.types.expressions.ExpressionTypingVisitorForStatements.visitExpression(ExpressionTypingVisitorForStatements.java:73)
	at org.jetbrains.kotlin.psi.KtVisitor.visitQualifiedExpression(KtVisitor.java:290)
	at org.jetbrains.kotlin.psi.KtVisitor.visitDotQualifiedExpression(KtVisitor.java:306)
	at org.jetbrains.kotlin.psi.KtDotQualifiedExpression.accept(KtDotQualifiedExpression.kt:33)
	at org.jetbrains.kotlin.types.expressions.ExpressionTypingVisitorDispatcher.lambda$getTypeInfo$0(ExpressionTypingVisitorDispatcher.java:176)
	at org.jetbrains.kotlin.util.PerformanceCounter.time(PerformanceCounter.kt:90)
	at org.jetbrains.kotlin.types.expressions.ExpressionTypingVisitorDispatcher.getTypeInfo(ExpressionTypingVisitorDispatcher.java:165)
	at org.jetbrains.kotlin.types.expressions.ExpressionTypingVisitorDispatcher.getTypeInfo(ExpressionTypingVisitorDispatcher.java:148)
	at org.jetbrains.kotlin.types.expressions.ExpressionTypingServices.getTypeOfLastExpressionInBlock(ExpressionTypingServices.java:451)
	at org.jetbrains.kotlin.types.expressions.ExpressionTypingServices.getBlockReturnedTypeWithWritableScope(ExpressionTypingServices.java:328)
	at org.jetbrains.kotlin.types.expressions.ExpressionTypingServices.getBlockReturnedType(ExpressionTypingServices.java:207)
	at org.jetbrains.kotlin.types.expressions.ExpressionTypingServices.getBlockReturnedType(ExpressionTypingServices.java:184)
	at org.jetbrains.kotlin.types.expressions.ExpressionTypingVisitorForStatements.visitBlockExpression(ExpressionTypingVisitorForStatements.java:586)
	at org.jetbrains.kotlin.types.expressions.ExpressionTypingVisitorForStatements.visitBlockExpression(ExpressionTypingVisitorForStatements.java:73)
	at org.jetbrains.kotlin.psi.KtBlockExpression.accept(KtBlockExpression.java:79)
	at org.jetbrains.kotlin.types.expressions.ExpressionTypingVisitorDispatcher.lambda$getTypeInfo$0(ExpressionTypingVisitorDispatcher.java:176)
	at org.jetbrains.kotlin.util.PerformanceCounter.time(PerformanceCounter.kt:90)
	at org.jetbrains.kotlin.types.expressions.ExpressionTypingVisitorDispatcher.getTypeInfo(ExpressionTypingVisitorDispatcher.java:165)
	at org.jetbrains.kotlin.types.expressions.ExpressionTypingVisitorDispatcher.getTypeInfo(ExpressionTypingVisitorDispatcher.java:148)
	at org.jetbrains.kotlin.types.expressions.ExpressionTypingServices.checkFunctionReturnType(ExpressionTypingServices.java:179)
	at org.jetbrains.kotlin.types.expressions.ExpressionTypingServices.checkFunctionReturnType(ExpressionTypingServices.java:166)
	at org.jetbrains.kotlin.resolve.BodyResolver.resolveFunctionBody(BodyResolver.java:1054)
	at org.jetbrains.kotlin.resolve.BodyResolver.resolveFunctionBody(BodyResolver.java:997)
	at org.jetbrains.kotlin.resolve.BodyResolver.resolveFunctionBodies(BodyResolver.java:982)
	at org.jetbrains.kotlin.resolve.BodyResolver.resolveBehaviorDeclarationBodies(BodyResolver.java:129)
	at org.jetbrains.kotlin.resolve.BodyResolver.resolveBodies(BodyResolver.java:256)
	at org.jetbrains.kotlin.resolve.LazyTopDownAnalyzer.analyzeDeclarations(LazyTopDownAnalyzer.kt:227)
	at org.jetbrains.kotlin.resolve.LazyTopDownAnalyzer.analyzeDeclarations$default(LazyTopDownAnalyzer.kt:58)
	at org.jetbrains.kotlin.cli.jvm.compiler.TopDownAnalyzerFacadeForJVM.analyzeFilesWithJavaIntegration(TopDownAnalyzerFacadeForJVM.kt:119)
	at org.jetbrains.kotlin.cli.jvm.compiler.TopDownAnalyzerFacadeForJVM.analyzeFilesWithJavaIntegration$default(TopDownAnalyzerFacadeForJVM.kt:77)
	at org.jetbrains.kotlin.cli.jvm.compiler.KotlinToJVMBytecodeCompiler$analyze$1.invoke(KotlinToJVMBytecodeCompiler.kt:256)
	at org.jetbrains.kotlin.cli.jvm.compiler.KotlinToJVMBytecodeCompiler$analyze$1.invoke(KotlinToJVMBytecodeCompiler.kt:247)
	at org.jetbrains.kotlin.cli.common.messages.AnalyzerWithCompilerReport.analyzeAndReport(AnalyzerWithCompilerReport.kt:115)
	at org.jetbrains.kotlin.cli.jvm.compiler.KotlinToJVMBytecodeCompiler.analyze(KotlinToJVMBytecodeCompiler.kt:247)
	at org.jetbrains.kotlin.cli.jvm.compiler.KotlinToJVMBytecodeCompiler.compileModules$cli(KotlinToJVMBytecodeCompiler.kt:87)
	at org.jetbrains.kotlin.cli.jvm.compiler.KotlinToJVMBytecodeCompiler.compileModules$cli$default(KotlinToJVMBytecodeCompiler.kt:43)
	at org.jetbrains.kotlin.cli.jvm.K2JVMCompiler.doExecute(K2JVMCompiler.kt:165)
	at org.jetbrains.kotlin.cli.jvm.K2JVMCompiler.doExecute(K2JVMCompiler.kt:50)
	at org.jetbrains.kotlin.cli.common.CLICompiler.execImpl(CLICompiler.kt:104)
	at org.jetbrains.kotlin.cli.common.CLICompiler.execImpl(CLICompiler.kt:48)
	at org.jetbrains.kotlin.cli.common.CLITool.exec(CLITool.kt:101)
	at org.jetbrains.kotlin.incremental.IncrementalJvmCompilerRunner.runCompiler(IncrementalJvmCompilerRunner.kt:463)
	at org.jetbrains.kotlin.incremental.IncrementalJvmCompilerRunner.runCompiler(IncrementalJvmCompilerRunner.kt:62)
	at org.jetbrains.kotlin.incremental.IncrementalCompilerRunner.doCompile(IncrementalCompilerRunner.kt:477)
	at org.jetbrains.kotlin.incremental.IncrementalCompilerRunner.compileImpl(IncrementalCompilerRunner.kt:400)
	at org.jetbrains.kotlin.incremental.IncrementalCompilerRunner.tryCompileIncrementally$lambda$6$compile(IncrementalCompilerRunner.kt:231)
	at org.jetbrains.kotlin.incremental.IncrementalCompilerRunner.tryCompileIncrementally(IncrementalCompilerRunner.kt:247)
	at org.jetbrains.kotlin.incremental.IncrementalCompilerRunner.compile(IncrementalCompilerRunner.kt:116)
	at org.jetbrains.kotlin.daemon.CompileServiceImplBase.execIncrementalCompiler(CompileServiceImpl.kt:657)
	at org.jetbrains.kotlin.daemon.CompileServiceImplBase.access$execIncrementalCompiler(CompileServiceImpl.kt:105)
	at org.jetbrains.kotlin.daemon.CompileServiceImpl.compile(CompileServiceImpl.kt:1624)
	at java.base/jdk.internal.reflect.DirectMethodHandleAccessor.invoke(Unknown Source)
	at java.base/java.lang.reflect.Method.invoke(Unknown Source)
	at java.rmi/sun.rmi.server.UnicastServerRef.dispatch(Unknown Source)
	at java.rmi/sun.rmi.transport.Transport$1.run(Unknown Source)
	at java.rmi/sun.rmi.transport.Transport$1.run(Unknown Source)
	at java.base/java.security.AccessController.doPrivileged(Unknown Source)
	at java.rmi/sun.rmi.transport.Transport.serviceCall(Unknown Source)
	at java.rmi/sun.rmi.transport.tcp.TCPTransport.handleMessages(Unknown Source)
	at java.rmi/sun.rmi.transport.tcp.TCPTransport$ConnectionHandler.run0(Unknown Source)
	at java.rmi/sun.rmi.transport.tcp.TCPTransport$ConnectionHandler.lambda$run$0(Unknown Source)
	at java.base/java.security.AccessController.doPrivileged(Unknown Source)
	at java.rmi/sun.rmi.transport.tcp.TCPTransport$ConnectionHandler.run(Unknown Source)
	at java.base/java.util.concurrent.ThreadPoolExecutor.runWorker(Unknown Source)
	at java.base/java.util.concurrent.ThreadPoolExecutor$Worker.run(Unknown Source)
	at java.base/java.lang.Thread.run(Unknown Source)

----
expression.kt
<File name: OrderController.kt, Physical: true>
{
            val order = <ELEMENT>call.receive<Order>()</ELEMENT>
            val id = orderRepository.create(order)
            call.respond(HttpStatusCode.Created, mapOf("id" to id, "message" to "Pedido registrado"))
        }
	at org.jetbrains.kotlin.types.expressions.ExpressionTypingVisitorDispatcher.logOrThrowException(ExpressionTypingVisitorDispatcher.java:261)
	at org.jetbrains.kotlin.types.expressions.ExpressionTypingVisitorDispatcher.lambda$getTypeInfo$0(ExpressionTypingVisitorDispatcher.java:225)
	at org.jetbrains.kotlin.util.PerformanceCounter.time(PerformanceCounter.kt:90)
	at org.jetbrains.kotlin.types.expressions.ExpressionTypingVisitorDispatcher.getTypeInfo(ExpressionTypingVisitorDispatcher.java:165)
	at org.jetbrains.kotlin.types.expressions.ExpressionTypingVisitorDispatcher.getTypeInfo(ExpressionTypingVisitorDispatcher.java:135)
	at org.jetbrains.kotlin.types.expressions.ExpressionTypingVisitorDispatcher.getTypeInfo(ExpressionTypingVisitorDispatcher.java:147)
	at org.jetbrains.kotlin.types.expressions.ExpressionTypingServices.getTypeInfo(ExpressionTypingServices.java:121)
	at org.jetbrains.kotlin.types.expressions.ExpressionTypingServices.getTypeInfo(ExpressionTypingServices.java:96)
	at org.jetbrains.kotlin.types.expressions.ExpressionTypingServices.getType(ExpressionTypingServices.java:138)
	at org.jetbrains.kotlin.types.expressions.ExpressionTypingServices.safeGetType(ExpressionTypingServices.java:81)
	at org.jetbrains.kotlin.resolve.VariableTypeAndInitializerResolver.resolveInitializerType(VariableTypeAndInitializerResolver.kt:178)
	at org.jetbrains.kotlin.resolve.VariableTypeAndInitializerResolver.resolveTypeNullable(VariableTypeAndInitializerResolver.kt:102)
	at org.jetbrains.kotlin.resolve.VariableTypeAndInitializerResolver.resolveType(VariableTypeAndInitializerResolver.kt:55)
	at org.jetbrains.kotlin.resolve.LocalVariableResolver.resolveLocalVariableDescriptor(LocalVariableResolver.kt:196)
	at org.jetbrains.kotlin.resolve.LocalVariableResolver.process(LocalVariableResolver.kt:80)
	at org.jetbrains.kotlin.types.expressions.ExpressionTypingVisitorForStatements.visitProperty(ExpressionTypingVisitorForStatements.java:122)
	at org.jetbrains.kotlin.types.expressions.ExpressionTypingVisitorForStatements.visitProperty(ExpressionTypingVisitorForStatements.java:73)
	at org.jetbrains.kotlin.psi.KtProperty.accept(KtProperty.java:58)
	at org.jetbrains.kotlin.types.expressions.ExpressionTypingVisitorDispatcher.lambda$getTypeInfo$0(ExpressionTypingVisitorDispatcher.java:176)
	at org.jetbrains.kotlin.util.PerformanceCounter.time(PerformanceCounter.kt:90)
	at org.jetbrains.kotlin.types.expressions.ExpressionTypingVisitorDispatcher.getTypeInfo(ExpressionTypingVisitorDispatcher.java:165)
	at org.jetbrains.kotlin.types.expressions.ExpressionTypingVisitorDispatcher.getTypeInfo(ExpressionTypingVisitorDispatcher.java:148)
	at org.jetbrains.kotlin.types.expressions.ExpressionTypingServices.getBlockReturnedTypeWithWritableScope(ExpressionTypingServices.java:342)
	at org.jetbrains.kotlin.types.expressions.ExpressionTypingServices.getBlockReturnedType(ExpressionTypingServices.java:207)
	at org.jetbrains.kotlin.types.expressions.FunctionsTypingVisitor.computeUnsafeReturnType(FunctionsTypingVisitor.kt:270)
	at org.jetbrains.kotlin.types.expressions.FunctionsTypingVisitor.computeReturnType(FunctionsTypingVisitor.kt:235)
	at org.jetbrains.kotlin.types.expressions.FunctionsTypingVisitor.visitLambdaExpression(FunctionsTypingVisitor.kt:177)
	at org.jetbrains.kotlin.types.expressions.ExpressionTypingVisitorDispatcher.visitLambdaExpression(ExpressionTypingVisitorDispatcher.java:270)
	at org.jetbrains.kotlin.types.expressions.ExpressionTypingVisitorDispatcher$ForDeclarations.visitLambdaExpression(ExpressionTypingVisitorDispatcher.java:47)
	at org.jetbrains.kotlin.psi.KtLambdaExpression.accept(KtLambdaExpression.java:40)
	at org.jetbrains.kotlin.types.expressions.ExpressionTypingVisitorDispatcher.lambda$getTypeInfo$0(ExpressionTypingVisitorDispatcher.java:176)
	at org.jetbrains.kotlin.util.PerformanceCounter.time(PerformanceCounter.kt:90)
	at org.jetbrains.kotlin.types.expressions.ExpressionTypingVisitorDispatcher.getTypeInfo(ExpressionTypingVisitorDispatcher.java:165)
	at org.jetbrains.kotlin.types.expressions.ExpressionTypingVisitorDispatcher.getTypeInfo(ExpressionTypingVisitorDispatcher.java:135)
	at org.jetbrains.kotlin.types.expressions.ExpressionTypingServices.getTypeInfo(ExpressionTypingServices.java:126)
	at org.jetbrains.kotlin.resolve.calls.tower.KotlinResolutionCallbacksImpl.analyzeAndGetLambdaReturnArguments(KotlinResolutionCallbacksImpl.kt:231)
	at org.jetbrains.kotlin.resolve.calls.components.PostponedArgumentsAnalyzer.analyzeLambda(PostponedArgumentsAnalyzer.kt:133)
	at org.jetbrains.kotlin.resolve.calls.components.PostponedArgumentsAnalyzer.analyze(PostponedArgumentsAnalyzer.kt:39)
	at org.jetbrains.kotlin.resolve.calls.components.KotlinCallCompleter$runCompletion$1.invoke(KotlinCallCompleter.kt:261)
	at org.jetbrains.kotlin.resolve.calls.components.KotlinCallCompleter$runCompletion$1.invoke(KotlinCallCompleter.kt:251)
	at org.jetbrains.kotlin.resolve.calls.inference.components.ConstraintSystemCompletionContext.analyzeArgumentWithFixedParameterTypes(ConstraintSystemCompletionContext.kt:54)
	at org.jetbrains.kotlin.resolve.calls.inference.components.KotlinConstraintSystemCompleter.runCompletion(KotlinConstraintSystemCompleter.kt:84)
	at org.jetbrains.kotlin.resolve.calls.inference.components.KotlinConstraintSystemCompleter.runCompletion(KotlinConstraintSystemCompleter.kt:35)
	at org.jetbrains.kotlin.resolve.calls.components.KotlinCallCompleter.runCompletion(KotlinCallCompleter.kt:251)
	at org.jetbrains.kotlin.resolve.calls.components.KotlinCallCompleter.runCompletion$default(KotlinCallCompleter.kt:242)
	at org.jetbrains.kotlin.resolve.calls.components.KotlinCallCompleter.runCompletion(KotlinCallCompleter.kt:239)
	at org.jetbrains.kotlin.resolve.calls.components.KotlinCallCompleter.runCompletion(KotlinCallCompleter.kt:71)
	at org.jetbrains.kotlin.resolve.calls.KotlinCallResolver.resolveAndCompleteCall(KotlinCallResolver.kt:47)
	at org.jetbrains.kotlin.resolve.calls.tower.PSICallResolver.runResolutionAndInference(PSICallResolver.kt:114)
	at org.jetbrains.kotlin.resolve.calls.CallResolver.doResolveCallOrGetCachedResults(CallResolver.java:602)
	at org.jetbrains.kotlin.resolve.calls.CallResolver.lambda$computeTasksAndResolveCall$0(CallResolver.java:213)
	at org.jetbrains.kotlin.util.PerformanceCounter.time(PerformanceCounter.kt:90)
	at org.jetbrains.kotlin.resolve.calls.CallResolver.computeTasksAndResolveCall(CallResolver.java:211)
	at org.jetbrains.kotlin.resolve.calls.CallResolver.computeTasksAndResolveCall(CallResolver.java:199)
	at org.jetbrains.kotlin.resolve.calls.CallResolver.resolveFunctionCall(CallResolver.java:329)
	at org.jetbrains.kotlin.resolve.calls.CallExpressionResolver.getResolvedCallForFunction(CallExpressionResolver.kt:86)
	at org.jetbrains.kotlin.resolve.calls.CallExpressionResolver.getCallExpressionTypeInfoWithoutFinalTypeCheck(CallExpressionResolver.kt:208)
	at org.jetbrains.kotlin.resolve.calls.CallExpressionResolver.getUnsafeSelectorTypeInfo(CallExpressionResolver.kt:332)
	at org.jetbrains.kotlin.resolve.calls.CallExpressionResolver.getSafeOrUnsafeSelectorTypeInfo(CallExpressionResolver.kt:382)
	at org.jetbrains.kotlin.resolve.calls.CallExpressionResolver.getQualifiedExpressionTypeInfo(CallExpressionResolver.kt:480)
	at org.jetbrains.kotlin.types.expressions.BasicExpressionTypingVisitor.visitQualifiedExpression(BasicExpressionTypingVisitor.java:725)
	at org.jetbrains.kotlin.types.expressions.ExpressionTypingVisitorDispatcher.visitQualifiedExpression(ExpressionTypingVisitorDispatcher.java:391)
	at org.jetbrains.kotlin.types.expressions.ExpressionTypingVisitorDispatcher$ForBlock.visitQualifiedExpression(ExpressionTypingVisitorDispatcher.java:60)
	at org.jetbrains.kotlin.psi.KtVisitor.visitDotQualifiedExpression(KtVisitor.java:306)
	at org.jetbrains.kotlin.psi.KtDotQualifiedExpression.accept(KtDotQualifiedExpression.kt:33)
	at org.jetbrains.kotlin.types.expressions.ExpressionTypingVisitorDispatcher.lambda$getTypeInfo$0(ExpressionTypingVisitorDispatcher.java:176)
	at org.jetbrains.kotlin.util.PerformanceCounter.time(PerformanceCounter.kt:90)
	at org.jetbrains.kotlin.types.expressions.ExpressionTypingVisitorDispatcher.getTypeInfo(ExpressionTypingVisitorDispatcher.java:165)
	at org.jetbrains.kotlin.types.expressions.ExpressionTypingVisitorDispatcher.getTypeInfo(ExpressionTypingVisitorDispatcher.java:135)
	at org.jetbrains.kotlin.types.expressions.ExpressionTypingVisitorForStatements.visitExpression(ExpressionTypingVisitorForStatements.java:543)
	at org.jetbrains.kotlin.types.expressions.ExpressionTypingVisitorForStatements.visitExpression(ExpressionTypingVisitorForStatements.java:73)
	at org.jetbrains.kotlin.psi.KtVisitor.visitQualifiedExpression(KtVisitor.java:290)
	at org.jetbrains.kotlin.psi.KtVisitor.visitDotQualifiedExpression(KtVisitor.java:306)
	at org.jetbrains.kotlin.psi.KtDotQualifiedExpression.accept(KtDotQualifiedExpression.kt:33)
	at org.jetbrains.kotlin.types.expressions.ExpressionTypingVisitorDispatcher.lambda$getTypeInfo$0(ExpressionTypingVisitorDispatcher.java:176)
	at org.jetbrains.kotlin.util.PerformanceCounter.time(PerformanceCounter.kt:90)
	at org.jetbrains.kotlin.types.expressions.ExpressionTypingVisitorDispatcher.getTypeInfo(ExpressionTypingVisitorDispatcher.java:165)
	at org.jetbrains.kotlin.types.expressions.ExpressionTypingVisitorDispatcher.getTypeInfo(ExpressionTypingVisitorDispatcher.java:148)
	at org.jetbrains.kotlin.types.expressions.ExpressionTypingServices.getTypeOfLastExpressionInBlock(ExpressionTypingServices.java:451)
	at org.jetbrains.kotlin.types.expressions.ExpressionTypingServices.getBlockReturnedTypeWithWritableScope(ExpressionTypingServices.java:328)
	at org.jetbrains.kotlin.types.expressions.ExpressionTypingServices.getBlockReturnedType(ExpressionTypingServices.java:207)
	at org.jetbrains.kotlin.types.expressions.ExpressionTypingServices.getBlockReturnedType(ExpressionTypingServices.java:184)
	at org.jetbrains.kotlin.types.expressions.ExpressionTypingVisitorForStatements.visitBlockExpression(ExpressionTypingVisitorForStatements.java:586)
	at org.jetbrains.kotlin.types.expressions.ExpressionTypingVisitorForStatements.visitBlockExpression(ExpressionTypingVisitorForStatements.java:73)
	at org.jetbrains.kotlin.psi.KtBlockExpression.accept(KtBlockExpression.java:79)
	at org.jetbrains.kotlin.types.expressions.ExpressionTypingVisitorDispatcher.lambda$getTypeInfo$0(ExpressionTypingVisitorDispatcher.java:176)
	at org.jetbrains.kotlin.util.PerformanceCounter.time(PerformanceCounter.kt:90)
	at org.jetbrains.kotlin.types.expressions.ExpressionTypingVisitorDispatcher.getTypeInfo(ExpressionTypingVisitorDispatcher.java:165)
	at org.jetbrains.kotlin.types.expressions.ExpressionTypingVisitorDispatcher.getTypeInfo(ExpressionTypingVisitorDispatcher.java:148)
	at org.jetbrains.kotlin.types.expressions.ExpressionTypingServices.checkFunctionReturnType(ExpressionTypingServices.java:179)
	at org.jetbrains.kotlin.types.expressions.ExpressionTypingServices.checkFunctionReturnType(ExpressionTypingServices.java:166)
	at org.jetbrains.kotlin.resolve.BodyResolver.resolveFunctionBody(BodyResolver.java:1054)
	at org.jetbrains.kotlin.resolve.BodyResolver.resolveFunctionBody(BodyResolver.java:997)
	at org.jetbrains.kotlin.resolve.BodyResolver.resolveFunctionBodies(BodyResolver.java:982)
	at org.jetbrains.kotlin.resolve.BodyResolver.resolveBehaviorDeclarationBodies(BodyResolver.java:129)
	at org.jetbrains.kotlin.resolve.BodyResolver.resolveBodies(BodyResolver.java:256)
	at org.jetbrains.kotlin.resolve.LazyTopDownAnalyzer.analyzeDeclarations(LazyTopDownAnalyzer.kt:227)
	at org.jetbrains.kotlin.resolve.LazyTopDownAnalyzer.analyzeDeclarations$default(LazyTopDownAnalyzer.kt:58)
	at org.jetbrains.kotlin.cli.jvm.compiler.TopDownAnalyzerFacadeForJVM.analyzeFilesWithJavaIntegration(TopDownAnalyzerFacadeForJVM.kt:119)
	at org.jetbrains.kotlin.cli.jvm.compiler.TopDownAnalyzerFacadeForJVM.analyzeFilesWithJavaIntegration$default(TopDownAnalyzerFacadeForJVM.kt:77)
	at org.jetbrains.kotlin.cli.jvm.compiler.KotlinToJVMBytecodeCompiler$analyze$1.invoke(KotlinToJVMBytecodeCompiler.kt:256)
	at org.jetbrains.kotlin.cli.jvm.compiler.KotlinToJVMBytecodeCompiler$analyze$1.invoke(KotlinToJVMBytecodeCompiler.kt:247)
	at org.jetbrains.kotlin.cli.common.messages.AnalyzerWithCompilerReport.analyzeAndReport(AnalyzerWithCompilerReport.kt:115)
	at org.jetbrains.kotlin.cli.jvm.compiler.KotlinToJVMBytecodeCompiler.analyze(KotlinToJVMBytecodeCompiler.kt:247)
	at org.jetbrains.kotlin.cli.jvm.compiler.KotlinToJVMBytecodeCompiler.compileModules$cli(KotlinToJVMBytecodeCompiler.kt:87)
	at org.jetbrains.kotlin.cli.jvm.compiler.KotlinToJVMBytecodeCompiler.compileModules$cli$default(KotlinToJVMBytecodeCompiler.kt:43)
	at org.jetbrains.kotlin.cli.jvm.K2JVMCompiler.doExecute(K2JVMCompiler.kt:165)
	at org.jetbrains.kotlin.cli.jvm.K2JVMCompiler.doExecute(K2JVMCompiler.kt:50)
	at org.jetbrains.kotlin.cli.common.CLICompiler.execImpl(CLICompiler.kt:104)
	at org.jetbrains.kotlin.cli.common.CLICompiler.execImpl(CLICompiler.kt:48)
	at org.jetbrains.kotlin.cli.common.CLITool.exec(CLITool.kt:101)
	at org.jetbrains.kotlin.incremental.IncrementalJvmCompilerRunner.runCompiler(IncrementalJvmCompilerRunner.kt:463)
	at org.jetbrains.kotlin.incremental.IncrementalJvmCompilerRunner.runCompiler(IncrementalJvmCompilerRunner.kt:62)
	at org.jetbrains.kotlin.incremental.IncrementalCompilerRunner.doCompile(IncrementalCompilerRunner.kt:477)
	at org.jetbrains.kotlin.incremental.IncrementalCompilerRunner.compileImpl(IncrementalCompilerRunner.kt:400)
	at org.jetbrains.kotlin.incremental.IncrementalCompilerRunner.tryCompileIncrementally$lambda$6$compile(IncrementalCompilerRunner.kt:231)
	at org.jetbrains.kotlin.incremental.IncrementalCompilerRunner.tryCompileIncrementally(IncrementalCompilerRunner.kt:247)
	at org.jetbrains.kotlin.incremental.IncrementalCompilerRunner.compile(IncrementalCompilerRunner.kt:116)
	at org.jetbrains.kotlin.daemon.CompileServiceImplBase.execIncrementalCompiler(CompileServiceImpl.kt:657)
	at org.jetbrains.kotlin.daemon.CompileServiceImplBase.access$execIncrementalCompiler(CompileServiceImpl.kt:105)
	at org.jetbrains.kotlin.daemon.CompileServiceImpl.compile(CompileServiceImpl.kt:1624)
	at java.base/jdk.internal.reflect.DirectMethodHandleAccessor.invoke(Unknown Source)
	at java.base/java.lang.reflect.Method.invoke(Unknown Source)
	at java.rmi/sun.rmi.server.UnicastServerRef.dispatch(Unknown Source)
	at java.rmi/sun.rmi.transport.Transport$1.run(Unknown Source)
	at java.rmi/sun.rmi.transport.Transport$1.run(Unknown Source)
	at java.base/java.security.AccessController.doPrivileged(Unknown Source)
	at java.rmi/sun.rmi.transport.Transport.serviceCall(Unknown Source)
	at java.rmi/sun.rmi.transport.tcp.TCPTransport.handleMessages(Unknown Source)
	at java.rmi/sun.rmi.transport.tcp.TCPTransport$ConnectionHandler.run0(Unknown Source)
	at java.rmi/sun.rmi.transport.tcp.TCPTransport$ConnectionHandler.lambda$run$0(Unknown Source)
	at java.base/java.security.AccessController.doPrivileged(Unknown Source)
	at java.rmi/sun.rmi.transport.tcp.TCPTransport$ConnectionHandler.run(Unknown Source)
	at java.base/java.util.concurrent.ThreadPoolExecutor.runWorker(Unknown Source)
	at java.base/java.util.concurrent.ThreadPoolExecutor$Worker.run(Unknown Source)
	at java.base/java.lang.Thread.run(Unknown Source)
Caused by: java.io.FileNotFoundException: C:\Users\Usuario\Downloads\Website-to-help-those-affected-by-the-DANA-storm-Santiago-Joaquin-Cotignola-Rodriguez\TutelaDANA-KotlinBackend\build\classes\kotlin\main\com\tuteladana\model\Order.class (El sistema no puede encontrar la ruta especificada)
	at java.base/java.io.FileInputStream.open0(Native Method)
	at java.base/java.io.FileInputStream.open(Unknown Source)
	at java.base/java.io.FileInputStream.<init>(Unknown Source)
	at org.jetbrains.kotlin.com.intellij.openapi.util.io.FileUtil.loadFileBytes(FileUtil.java:204)
	at org.jetbrains.kotlin.com.intellij.openapi.vfs.local.CoreLocalVirtualFile.contentsToByteArray(CoreLocalVirtualFile.java:98)
	at org.jetbrains.kotlin.cli.jvm.compiler.KotlinCliJavaFileManagerImpl.findClass(KotlinCliJavaFileManagerImpl.kt:127)
	at org.jetbrains.kotlin.resolve.jvm.KotlinJavaPsiFacade$CliFinder.findClass(KotlinJavaPsiFacade.java:535)
	at org.jetbrains.kotlin.resolve.jvm.KotlinJavaPsiFacade.findClass(KotlinJavaPsiFacade.java:187)
	at org.jetbrains.kotlin.load.java.JavaClassFinderImpl.findClass(JavaClassFinderImpl.kt:46)
	at org.jetbrains.kotlin.load.java.lazy.descriptors.LazyJavaPackageScope$classes$1.invoke(LazyJavaPackageScope.kt:81)
	at org.jetbrains.kotlin.load.java.lazy.descriptors.LazyJavaPackageScope$classes$1.invoke(LazyJavaPackageScope.kt:59)
	at org.jetbrains.kotlin.storage.LockBasedStorageManager$MapBasedMemoizedFunction.invoke(LockBasedStorageManager.java:578)
	at org.jetbrains.kotlin.load.java.lazy.descriptors.LazyJavaPackageScope.findClassifier(LazyJavaPackageScope.kt:146)
	at org.jetbrains.kotlin.load.java.lazy.descriptors.LazyJavaPackageScope.getContributedClassifier(LazyJavaPackageScope.kt:136)
	at org.jetbrains.kotlin.load.java.lazy.descriptors.JvmPackageScope.getContributedClassifier(JvmPackageScope.kt:55)
	at org.jetbrains.kotlin.resolve.scopes.ChainedMemberScope.getContributedClassifier(ChainedMemberScope.kt:35)
	at org.jetbrains.kotlin.resolve.scopes.AbstractScopeAdapter.getContributedClassifier(AbstractScopeAdapter.kt:44)
	at org.jetbrains.kotlin.resolve.LazyExplicitImportScope.getContributedClassifier(LazyExplicitImportScope.kt:45)
	at org.jetbrains.kotlin.resolve.lazy.LazyImportScope$getClassifier$1.invoke(LazyImportScope.kt:279)
	at org.jetbrains.kotlin.resolve.lazy.LazyImportScope$getClassifier$1.invoke(LazyImportScope.kt:274)
	at org.jetbrains.kotlin.storage.LockBasedStorageManager.compute(LockBasedStorageManager.java:290)
	at org.jetbrains.kotlin.resolve.lazy.LazyImportScope.getClassifier(LazyImportScope.kt:274)
	at org.jetbrains.kotlin.resolve.lazy.LazyImportScope.getContributedClassifier(LazyImportScope.kt:270)
	at org.jetbrains.kotlin.resolve.scopes.ResolutionScope$DefaultImpls.getContributedClassifierIncludeDeprecated(ResolutionScope.kt:40)
	at org.jetbrains.kotlin.resolve.scopes.HierarchicalScope$DefaultImpls.getContributedClassifierIncludeDeprecated(Scopes.kt:27)
	at org.jetbrains.kotlin.resolve.scopes.ImportingScope$DefaultImpls.getContributedClassifierIncludeDeprecated(Scopes.kt:113)
	at org.jetbrains.kotlin.resolve.lazy.LazyImportScope.getContributedClassifierIncludeDeprecated(LazyImportScope.kt:235)
	at org.jetbrains.kotlin.resolve.scopes.utils.ScopeUtilsKt.findFirstClassifierWithDeprecationStatus(ScopeUtils.kt:119)
	at org.jetbrains.kotlin.resolve.QualifiedExpressionResolver.findClassifierAndReportDeprecationIfNeeded(QualifiedExpressionResolver.kt:82)
	at org.jetbrains.kotlin.resolve.QualifiedExpressionResolver.resolveDescriptorForType(QualifiedExpressionResolver.kt:106)
	at org.jetbrains.kotlin.resolve.TypeResolver.resolveDescriptorForType(TypeResolver.kt:1053)
	at org.jetbrains.kotlin.resolve.TypeResolver$resolveTypeElement$1.visitUserType(TypeResolver.kt:259)
	at org.jetbrains.kotlin.psi.KtVisitorVoid.visitUserType(KtVisitorVoid.java:937)
	at org.jetbrains.kotlin.psi.KtVisitorVoid.visitUserType(KtVisitorVoid.java:21)
	at org.jetbrains.kotlin.psi.KtUserType.accept(KtUserType.java:42)
	at org.jetbrains.kotlin.psi.KtElementImplStub.accept(KtElementImplStub.java:49)
	at org.jetbrains.kotlin.resolve.TypeResolver.resolveTypeElement(TypeResolver.kt:257)
	at org.jetbrains.kotlin.resolve.TypeResolver.resolvePossiblyBareType(TypeResolver.kt:136)
	at org.jetbrains.kotlin.resolve.TypeResolver.resolveType(TypeResolver.kt:126)
	at org.jetbrains.kotlin.resolve.TypeResolver.resolveType(TypeResolver.kt:97)
	at org.jetbrains.kotlin.resolve.calls.tower.NewCallArgumentsKt.resolveTypeWithGivenTypeReference(NewCallArguments.kt:316)
	at org.jetbrains.kotlin.resolve.calls.tower.PSICallResolver.resolveTypeArguments(PSICallResolver.kt:743)
	at org.jetbrains.kotlin.resolve.calls.tower.PSICallResolver.toKotlinCall(PSICallResolver.kt:603)
	at org.jetbrains.kotlin.resolve.calls.tower.PSICallResolver.toKotlinCall$default(PSICallResolver.kt:589)
	at org.jetbrains.kotlin.resolve.calls.tower.PSICallResolver.runResolutionAndInference(PSICallResolver.kt:109)
	at org.jetbrains.kotlin.resolve.calls.CallResolver.doResolveCallOrGetCachedResults(CallResolver.java:602)
	at org.jetbrains.kotlin.resolve.calls.CallResolver.lambda$computeTasksAndResolveCall$0(CallResolver.java:213)
	at org.jetbrains.kotlin.util.PerformanceCounter.time(PerformanceCounter.kt:90)
	at org.jetbrains.kotlin.resolve.calls.CallResolver.computeTasksAndResolveCall(CallResolver.java:211)
	at org.jetbrains.kotlin.resolve.calls.CallResolver.computeTasksAndResolveCall(CallResolver.java:199)
	at org.jetbrains.kotlin.resolve.calls.CallResolver.resolveFunctionCall(CallResolver.java:329)
	at org.jetbrains.kotlin.resolve.calls.CallExpressionResolver.getResolvedCallForFunction(CallExpressionResolver.kt:86)
	at org.jetbrains.kotlin.resolve.calls.CallExpressionResolver.getCallExpressionTypeInfoWithoutFinalTypeCheck(CallExpressionResolver.kt:208)
	at org.jetbrains.kotlin.resolve.calls.CallExpressionResolver.getUnsafeSelectorTypeInfo(CallExpressionResolver.kt:332)
	at org.jetbrains.kotlin.resolve.calls.CallExpressionResolver.getSafeOrUnsafeSelectorTypeInfo(CallExpressionResolver.kt:382)
	at org.jetbrains.kotlin.resolve.calls.CallExpressionResolver.getQualifiedExpressionTypeInfo(CallExpressionResolver.kt:480)
	at org.jetbrains.kotlin.types.expressions.BasicExpressionTypingVisitor.visitQualifiedExpression(BasicExpressionTypingVisitor.java:725)
	at org.jetbrains.kotlin.types.expressions.ExpressionTypingVisitorDispatcher.visitQualifiedExpression(ExpressionTypingVisitorDispatcher.java:391)
	at org.jetbrains.kotlin.types.expressions.ExpressionTypingVisitorDispatcher$ForDeclarations.visitQualifiedExpression(ExpressionTypingVisitorDispatcher.java:47)
	at org.jetbrains.kotlin.psi.KtVisitor.visitDotQualifiedExpression(KtVisitor.java:306)
	at org.jetbrains.kotlin.psi.KtDotQualifiedExpression.accept(KtDotQualifiedExpression.kt:33)
	at org.jetbrains.kotlin.types.expressions.ExpressionTypingVisitorDispatcher.lambda$getTypeInfo$0(ExpressionTypingVisitorDispatcher.java:176)
	... 134 more


